---
2026-06-11T17:37:13.623508+07:00
Tag: SellerRejected
To: uyengo1234@gmail.com
Xin chao Uyên,

Yeu cau tro thanh nguoi ban cua ban chua duoc duyet.
Ten gian hang: Lovie
Ly do: Shop duyệt nhầm thôi, đừng hi vọng quá nhá

Ban co the chinh sua thong tin va gui lai yeu cau sau.

BookStore Team
---
2026-06-11T17:37:24.624417500+07:00
Tag: SellerRejected
To: uyengo1234@gmail.com
Xin chao Uyên,

Yeu cau tro thanh nguoi ban cua ban chua duoc duyet.
Ten gian hang: Lovie
Ly do: Shop duyệt nhầm thôi, đừng hi vọng quá nhá

Ban co the chinh sua thong tin va gui lai yeu cau sau.

BookStore Team
---
2026-06-11T17:37:26.764016500+07:00
Tag: SellerRejected
To: uyengo1234@gmail.com
Xin chao Uyên,

Yeu cau tro thanh nguoi ban cua ban chua duoc duyet.
Ten gian hang: Lovie
Ly do: Shop duyệt nhầm thôi, đừng hi vọng quá nhá

Ban co the chinh sua thong tin va gui lai yeu cau sau.

BookStore Team
---
2026-06-11T17:37:34.933722500+07:00
Tag: SellerRejected
To: uyengo1234@gmail.com
Xin chao Uyên,

Yeu cau tro thanh nguoi ban cua ban chua duoc duyet.
Ten gian hang: Lovie
Ly do: Không có lý do cụ thể.

Ban co the chinh sua thong tin va gui lai yeu cau sau.

BookStore Team
---
2026-06-11T17:38:24.590130700+07:00
Tag: SellerApproved
To: uyengo1234@gmail.com
Xin chao Uyên,

Yeu cau tro thanh nguoi ban cua ban da duoc admin duyet.
Ten gian hang: Lovie
Slug: uyengo1234gmailcom

Ban co the dang nhap lai va su dung cac chuc nang danh cho nguoi ban.

BookStore Team
---
2026-06-11T17:38:31.851140900+07:00
Tag: SellerApproved
To: uyengo1234@gmail.com
Xin chao Uyên,

Yeu cau tro thanh nguoi ban cua ban da duoc admin duyet.
Ten gian hang: Lovie
Slug: uyengo1234gmailcom

Ban co the dang nhap lai va su dung cac chuc nang danh cho nguoi ban.

BookStore Team
---
2026-06-11T22:54:50.881066+07:00
Tag: SellerApproved
To: sugaryummy321@gmail.com
Xin chao Yummy,

Yeu cau tro thanh nguoi ban cua ban da duoc admin duyet.
Ten gian hang: Nhà Sách Yêu Thương
Slug: sugaryummy321gmailcom

Ban co the dang nhap lai va su dung cac chuc nang danh cho nguoi ban.

BookStore Team
---
2026-06-11T22:54:52.712850500+07:00
Tag: SellerApproved
To: sugaryummy321@gmail.com
Xin chao Yummy,

Yeu cau tro thanh nguoi ban cua ban da duoc admin duyet.
Ten gian hang: Nhà Sách Yêu Thương
Slug: sugaryummy321gmailcom

Ban co the dang nhap lai va su dung cac chuc nang danh cho nguoi ban.

BookStore Team
---
2026-06-11T22:55:56.373917900+07:00
Tag: SellerRejected
To: sugaryummy321@gmail.com
Xin chao Yummy,

Yeu cau tro thanh nguoi ban cua ban chua duoc duyet.
Ten gian hang: Nhà Sách Yêu Thương
Ly do: Không có lý do cụ thể.

Ban co the chinh sua thong tin va gui lai yeu cau sau.

BookStore Team
---
2026-06-11T22:55:58.204233900+07:00
Tag: SellerRejected
To: sugaryummy321@gmail.com
Xin chao Yummy,

Yeu cau tro thanh nguoi ban cua ban chua duoc duyet.
Ten gian hang: Nhà Sách Yêu Thương
Ly do: Không có lý do cụ thể.

Ban co the chinh sua thong tin va gui lai yeu cau sau.

BookStore Team
---
2026-06-11T22:55:59.879579800+07:00
Tag: SellerRejected
To: sugaryummy321@gmail.com
Xin chao Yummy,

Yeu cau tro thanh nguoi ban cua ban chua duoc duyet.
Ten gian hang: Nhà Sách Yêu Thương
Ly do: Không có lý do cụ thể.

Ban co the chinh sua thong tin va gui lai yeu cau sau.

BookStore Team
---
2026-06-11T22:56:03.257623500+07:00
Tag: SellerRejected
To: sugaryummy321@gmail.com
Xin chao Yummy,

Yeu cau tro thanh nguoi ban cua ban chua duoc duyet.
Ten gian hang: Nhà Sách Yêu Thương
Ly do: Không có lý do cụ thể.

Ban co the chinh sua thong tin va gui lai yeu cau sau.

BookStore Team
---
2026-06-11T22:58:21.035598700+07:00
Tag: SellerRejected
To: sugaryummy321@gmail.com
Xin chao Yummy,

Yeu cau tro thanh nguoi ban cua ban chua duoc duyet.
Ten gian hang: Nhà Sách Yêu Thương
Ly do: Không có lý do cụ thể.

Ban co the chinh sua thong tin va gui lai yeu cau sau.

BookStore Team
---
2026-06-11T22:58:24.677469900+07:00
Tag: SellerRejected
To: sugaryummy321@gmail.com
Xin chao Yummy,

Yeu cau tro thanh nguoi ban cua ban chua duoc duyet.
Ten gian hang: Nhà Sách Yêu Thương
Ly do: Không có lý do cụ thể.

Ban co the chinh sua thong tin va gui lai yeu cau sau.

BookStore Team
---
2026-06-11T22:58:25.751983+07:00
Tag: SellerRejected
To: sugaryummy321@gmail.com
Xin chao Yummy,

Yeu cau tro thanh nguoi ban cua ban chua duoc duyet.
Ten gian hang: Nhà Sách Yêu Thương
Ly do: Không có lý do cụ thể.

Ban co the chinh sua thong tin va gui lai yeu cau sau.

BookStore Team
---
2026-06-11T22:58:26.276137400+07:00
Tag: SellerRejected
To: sugaryummy321@gmail.com
Xin chao Yummy,

Yeu cau tro thanh nguoi ban cua ban chua duoc duyet.
Ten gian hang: Nhà Sách Yêu Thương
Ly do: Không có lý do cụ thể.

Ban co the chinh sua thong tin va gui lai yeu cau sau.

BookStore Team
---
2026-06-11T22:58:27.467587400+07:00
Tag: SellerRejected
To: sugaryummy321@gmail.com
Xin chao Yummy,

Yeu cau tro thanh nguoi ban cua ban chua duoc duyet.
Ten gian hang: Nhà Sách Yêu Thương
Ly do: Không có lý do cụ thể.

Ban co the chinh sua thong tin va gui lai yeu cau sau.

BookStore Team
---
2026-06-11T22:58:28.425458500+07:00
Tag: SellerRejected
To: sugaryummy321@gmail.com
Xin chao Yummy,

Yeu cau tro thanh nguoi ban cua ban chua duoc duyet.
Ten gian hang: Nhà Sách Yêu Thương
Ly do: Không có lý do cụ thể.

Ban co the chinh sua thong tin va gui lai yeu cau sau.

BookStore Team
---
2026-06-11T22:58:33.522196300+07:00
Tag: SellerRejected
To: sugaryummy321@gmail.com
Xin chao Yummy,

Yeu cau tro thanh nguoi ban cua ban chua duoc duyet.
Ten gian hang: Nhà Sách Yêu Thương
Ly do: Không có lý do cụ thể.

Ban co the chinh sua thong tin va gui lai yeu cau sau.

BookStore Team
---
2026-06-11T22:58:36.272645800+07:00
Tag: SellerRejected
To: sugaryummy321@gmail.com
Xin chao Yummy,

Yeu cau tro thanh nguoi ban cua ban chua duoc duyet.
Ten gian hang: Nhà Sách Yêu Thương
Ly do: Không có lý do cụ thể.

Ban co the chinh sua thong tin va gui lai yeu cau sau.

BookStore Team
---
2026-06-11T22:58:38.026942+07:00
Tag: SellerRejected
To: sugaryummy321@gmail.com
Xin chao Yummy,

Yeu cau tro thanh nguoi ban cua ban chua duoc duyet.
Ten gian hang: Nhà Sách Yêu Thương
Ly do: oiuytre

Ban co the chinh sua thong tin va gui lai yeu cau sau.

BookStore Team
---
2026-06-12T08:54:20.868280500+07:00
Tag: SellerApproved
To: uyengo1234@gmail.com
Xin chao Yummy,

Yeu cau tro thanh nguoi ban cua ban da duoc admin duyet.
Ten gian hang: Test
Slug: testgmailcom

Ban co the dang nhap lai va su dung cac chuc nang danh cho nguoi ban.

BookStore Team
---
2026-06-12T08:54:24.344331200+07:00
Tag: SellerApproved
To: uyengo1234@gmail.com
Xin chao Yummy,

Yeu cau tro thanh nguoi ban cua ban da duoc admin duyet.
Ten gian hang: Test
Slug: testgmailcom

Ban co the dang nhap lai va su dung cac chuc nang danh cho nguoi ban.

BookStore Team
